[www.epicura.it/corporate/index.html]
[backblue.gif]
[fade.gif]
[index.html]
[www.epicura.it/img/preview_site.jpg]
[www.epicura.it/favicon.png]
[consent.cookiebot.com/uc.js]
[www.epicura.it/tagmanager-prod.js]
[www.epicura.it/detect-ie.js]
[www.epicura.it/_nuxt/e40c3ea.js]
[www.epicura.it/_nuxt/46531f3.js]
[www.epicura.it/_nuxt/8fd9c66.js]
[www.epicura.it/_nuxt/e7cc946.js]
[www.epicura.it/_nuxt/1376da2.js]
[www.epicura.it/_nuxt/c1ec815.js]
[www.epicura.it/_nuxt/fa56c9a.js]
[www.epicura.it/_nuxt/8d3897a.js]
[www.epicura.it/_nuxt/60f7497.js]
[www.epicura.it/_nuxt/e38facc.js]
[www.epicura.it/_nuxt/566f400.js]
[www.epicura.it/_nuxt/cd1ea8a.js]
[www.epicura.it/_nuxt/90e0641.js]
[www.epicura.it/_nuxt/735cf2c.js]
[www.epicura.it/_nuxt/8159bca.js]
[www.epicura.it/_nuxt/54278c9.js]
[www.epicura.it/_nuxt/656cd26.js]
[www.epicura.it/_nuxt/8f59dfb.js]
[www.epicura.it/_nuxt/1879e15.js]
[www.epicura.it/_nuxt/b80feb1.js]
[www.epicura.it/_nuxt/562a307.js]
[www.epicura.it/_nuxt/02c342f.js]
[www.epicura.it/_nuxt/b02133f.js]
[www.epicura.it/img/badge-app-store.png]
[www.epicura.it/img/badge-google-play-store.png]
[www.epicura.it/img/logo-epicura-white.png]
[www.epicura.it/img/prenotazione.png]
[www.epicura.it/img/fatture.png]
[www.epicura.it/img/convenzioni.png]
[www.epicura.it/corporate/index.html]
